\BOOKMARK [2][-]{section*.1}{\376\377\000C\000S\000E\000\040\0001\0005\0002\000\040\000H\000W\0001}{}% 1
\BOOKMARK [3][-]{section*.4}{\376\377\000P\000r\000o\000b\000l\000e\000m\000\040\0002\000:\000\040\000I\000m\000a\000g\000e\000\040\000R\000o\000t\000a\000t\000i\000o\000n}{section*.1}% 2
